[INFO] Scanning for projects...
[INFO] 
[INFO] --------------------< com.airBnbClone:AirBnbClone >---------------------
[INFO] Building AirBnbClone 0.0.1-SNAPSHOT
[INFO]   from pom.xml
[INFO] --------------------------------[ jar ]---------------------------------
[INFO] 
[INFO] --- clean:3.5.0:clean (default-clean) @ AirBnbClone ---
[INFO] Deleting C:\Users\LENOVO\OneDrive\Documents\Projects\AirBNB Clone\AirBnbClone\target
[INFO] ------------------------------------------------------------------------
[INFO] BUILD FAILURE
[INFO] ------------------------------------------------------------------------
[INFO] Total time:  2.073 s
[INFO] Finished at: 2026-03-07T01:05:08+05:30
[INFO] ------------------------------------------------------------------------
[ERROR] Failed to execute goal org.apache.maven.plugins:maven-clean-plugin:3.5.0:clean (default-clean) on project AirBnbClone: Failed to clean project: Failed to delete C:\Users\LENOVO\OneDrive\Documents\Projects\AirBNB Clone\AirBnbClone\target\classes -> [Help 1]
[ERROR] 
[ERROR] To see the full stack trace of the errors, re-run Maven with the -e switch.
[ERROR] Re-run Maven using the -X switch to enable full debug logging.
[ERROR] 
[ERROR] For more information about the errors and possible solutions, please read the following articles:
[ERROR] [Help 1] http://cwiki.apache.org/confluence/display/MAVEN/MojoExecutionException
